
> react-typescript-starter@0.1.0 test
> react-scripts test "--coverage"

PASS src/arrays.test.ts
PASS src/objects.test.ts
PASS src/HtmlCss.test.tsx
PASS src/functions.test.ts
PASS src/text.test.tsx
PASS src/App.test.tsx
----------------|---------|----------|---------|---------|-------------------
File            | % Stmts | % Branch | % Funcs | % Lines | Uncovered Line #s 
----------------|---------|----------|---------|---------|-------------------
All files       |   99.01 |    97.56 |     100 |   98.91 |                   
 src            |   99.01 |    97.56 |     100 |   98.91 |                   
  App.tsx       |     100 |      100 |     100 |     100 |                   
  arrays.ts     |     100 |    94.73 |     100 |     100 | 96                
  functions.ts  |     100 |      100 |     100 |     100 |                   
  objects.ts    |      96 |      100 |     100 |      96 | 194               
 src/interfaces |       0 |        0 |       0 |       0 |                   
  question.ts   |       0 |        0 |       0 |       0 |                   
----------------|---------|----------|---------|---------|-------------------

Test Suites: 6 passed, 6 total
Tests:       33 passed, 33 total
Snapshots:   0 total
Time:        3.668 s
Ran all test suites.
